src/components/conversation/ResultsDisplay.tsx(83,13): error TS2322: Type 'ChartType | undefined' is not assignable to type 'ChartType'.
  Type 'undefined' is not assignable to type 'ChartType'.
src/components/insights/MessageBubble.tsx(146,17): error TS2322: Type 'ChartType | undefined' is not assignable to type 'ChartType'.
  Type 'undefined' is not assignable to type 'ChartType'.
src/components/upload/ProcessingStatus.tsx(196,15): error TS18048: 'status.completed_steps' is possibly 'undefined'.
src/contexts/VizierContext.tsx(73,15): error TS2538: Type 'undefined' cannot be used as an index type.
src/pages/Insights.tsx(121,51): error TS2345: Argument of type 'Record<string, unknown>[] | undefined' is not assignable to parameter of type 'Record<string, unknown>[]'.
  Type 'undefined' is not assignable to type 'Record<string, unknown>[]'.
